Microchip MPLAB XC8 Compiler V3.10

Linker command line:

-W-3 --edf=D:\App\mplab\pic\dat\20250813170317_en.msgs -cn \
  -h+dist/default/production\check_rfid.X.production.sym \
  --cmf=dist/default/production\check_rfid.X.production.cmf -z -Q16F877A \
  -oC:\Users\Admin\AppData\Local\Temp\xcAs2w0.0\driver_tmp_3.o \
  --defsym=__MPLAB_BUILD=1 --fixupoverflow=error \
  -Mdist/default/production/check_rfid.X.production.map \
  --md=C:\Users\Admin\AppData\Local\Temp\xcAs2w0.0\driver_tmp_0.dat -E1 \
  -ver=XC8 Compiler -ACODE=00h-07FFhx4 -ASTRCODE=00h-01FFFh \
  -ASTRING=00h-0FFhx32 -ACONST=00h-0FFhx32 -AENTRY=00h-0FFhx32 \
  -ACOMMON=070h-07Fh -ABANK0=020h-06Fh -ABANK1=0A0h-0EFh \
  -ABANK2=0110h-016Fh -ABANK3=0190h-01EFh \
  -ARAM=020h-06Fh,0A0h-0EFh,0110h-016Fh,0190h-01EFh \
  -AABS1=020h-07Fh,0A0h-0EFh,0110h-016Fh,0190h-01EFh -ASFR0=00h-01Fh \
  -ASFR1=080h-09Fh -ASFR2=0100h-010Fh -ASFR3=0180h-018Fh \
  -ACONFIG=02007h-02007h -DCONFIG=2 -AIDLOC=02000h-02003h -DIDLOC=2 \
  -AEEDATA=00h-0FFh/02100h -peeprom_data=EEDATA -DEEDATA=2 -DCODE=2 \
  -DSTRCODE=2 -DSTRING=2 -DCONST=2 -DENTRY=2 \
  -preset_vec=00h,intentry,sivt,init,end_init -ppowerup=CODE -pcinit=CODE \
  -pfunctab=ENTRY -k \
  C:\Users\Admin\AppData\Local\Temp\xcAs2w0.0\driver_tmp_12.o \
  dist/default/production\check_rfid.X.production.o 

Object code version is 3.11

Machine type is 16F877A



                Name                               Link     Load   Length Selector   Space Scale
C:\Users\Admin\AppData\Local\Temp\xcAs2w0.0\driver_tmp_12.o
                end_init                              0        0        3        0       0
                config                             2007     2007        1        0       4
dist/default/production\check_rfid.X.production.o
                cinit                               7FC      7FC        4      FF8       0
                config                             2007     2007        1        0       4
                text5                               569      569       37      AD2       0
                text4                               5A0      5A0       3A      B40       0
                text3                               6A2      6A2      15A      D44       0
                text2                               53B      53B       2E      A76       0
                text1                               617      617       8B      C2E       0
                maintext                            5DA      5DA       3D      BB4       0
                cstackBANK0                          20       20       1C       20       1
                cstackCOMMON                         70       70        E       70       1

TOTAL           Name                               Link     Load   Length     Space
        CLASS   CODE           
                end_init                              0        0        3         0
                cinit                               7FC      7FC        4         0
                text5                               569      569       37         0
                text4                               5A0      5A0       3A         0
                text3                               6A2      6A2      15A         0
                text2                               53B      53B       2E         0
                text1                               617      617       8B         0
                maintext                            5DA      5DA       3D         0

        CLASS   STRCODE        

        CLASS   STRING         

        CLASS   CONST          

        CLASS   ENTRY          

        CLASS   COMMON         
                cstackCOMMON                         70       70        E         1

        CLASS   BANK0          
                cstackBANK0                          20       20       1C         1

        CLASS   BANK1          

        CLASS   BANK2          

        CLASS   BANK3          

        CLASS   RAM            

        CLASS   ABS1           
                abs_s1                               7E       7E        2         1

        CLASS   SFR0           

        CLASS   SFR1           

        CLASS   SFR2           

        CLASS   SFR3           

        CLASS   CONFIG         
                config                             2007     2007        1         4

        CLASS   IDLOC          

        CLASS   EEDATA         

        CLASS   HEAP           

        CLASS   STACK          



SEGMENTS        Name                           Load    Length   Top    Selector   Space  Class     Delta

                reset_vec                      000000  000003  000003         0       0  CODE        2
                cstackBANK0                    000020  00001C  00003C        20       1  BANK0       1
                cstackCOMMON                   000070  00000E  00007E        70       1  COMMON      1
                text2                          00053B  00002E  000569       A76       0  CODE        2
                text5                          000569  000037  0005A0       AD2       0  CODE        2
                text4                          0005A0  00003A  0005DA       B40       0  CODE        2
                maintext                       0005DA  00003D  000617       BB4       0  CODE        2
                text1                          000617  00008B  0006A2       C2E       0  CODE        2
                text3                          0006A2  00015A  0007FC       D44       0  CODE        2
                cinit                          0007FC  000004  000800       FF8       0  CODE        2


UNUSED ADDRESS RANGES

        Name                Unused          Largest block    Delta
        BANK0            003C-006F             34           1
        BANK1            00A0-00EF             50           1
        BANK2            0110-016F             60           1
        BANK3            0190-01EF             60           1
        CODE             0003-053A            538           2
                         0800-1FFF            800
        CONST            0003-053A            100           2
                         0800-1FFF            100
        EEDATA           2100-21FF            100           2
        ENTRY            0003-053A            100           2
                         0800-1FFF            100
        IDLOC            2000-2003              4           2
        RAM              003C-006F             34           1
                         00A0-00EF             50
                         0110-016F             60
                         0190-01EF             60
        SFR0             0000-001F             20           1
        SFR1             0080-009F             20           1
        SFR2             0100-010F             10           1
        SFR3             0180-018F             10           1
        STRCODE          0003-053A            538           2
                         0800-1FFF           1800
        STRING           0003-053A            100           2
                         0800-1FFF            100

                                  Symbol Table

RFID_CheckCard@backBits  cstackBANK0  0036
RFID_CheckCard@buffer    cstackBANK0  0032
RFID_CheckCard@status    cstackBANK0  0034
RFID_Read@addr           cstackCOMMON 0071
RFID_Read@address        cstackCOMMON 0072
RFID_Read@data           cstackCOMMON 0073
RFID_Read@i              cstackCOMMON 0074
RFID_Read@i_140          cstackCOMMON 0075
RFID_ToCard@backData     cstackBANK0  0022
RFID_ToCard@backLen      cstackBANK0  0023
RFID_ToCard@command      cstackBANK0  002E
RFID_ToCard@i            cstackBANK0  0030
RFID_ToCard@irqEn        cstackBANK0  002B
RFID_ToCard@lastBits     cstackBANK0  002D
RFID_ToCard@n            cstackBANK0  002F
RFID_ToCard@sendData     cstackBANK0  0020
RFID_ToCard@sendLen      cstackBANK0  0021
RFID_ToCard@status       cstackBANK0  002A
RFID_ToCard@waitIRq      cstackBANK0  002C
RFID_Write@addr          cstackCOMMON 0078
RFID_Write@address       cstackCOMMON 0079
RFID_Write@data          cstackCOMMON 0076
RFID_Write@i             cstackCOMMON 007A
RFID_Write@i_134         cstackCOMMON 007B
_PORTBbits               (abs)        0006
_PORTCbits               (abs)        0007
_RFID_CheckCard          text2        053B
_RFID_CheckCard$172      cstackBANK0  0035
_RFID_Init               text1        0617
_RFID_Read               text5        0569
_RFID_ToCard             text3        06A2
_RFID_Write              text4        05A0
_TRISBbits               (abs)        0086
_TRISCbits               (abs)        0087
__H__absolute__          __absolute__ 0000
__Habs1                  abs1         0000
__Hbank0                 bank0        0000
__Hbank1                 bank1        0000
__Hbank2                 bank2        0000
__Hbank3                 bank3        0000
__Hcinit                 cinit        0800
__Hclrtext               clrtext      0000
__Hcode                  code         0000
__Hcommon                common       0000
__Hconfig                config       2008
__HcstackBANK0           cstackBANK0  0000
__HcstackCOMMON          cstackCOMMON 0000
__Heeprom_data           eeprom_data  0000
__Hend_init              end_init     0003
__Hfunctab               functab      0000
__Hheap                  heap         0000
__Hinit                  init         0000
__Hintentry              intentry     0000
__Hmaintext              maintext     0000
__Hpowerup               powerup      0000
__Hram                   ram          0000
__Hreset_vec             reset_vec    0000
__Hsfr0                  sfr0         0000
__Hsfr1                  sfr1         0000
__Hsfr2                  sfr2         0000
__Hsfr3                  sfr3         0000
__Hsivt                  sivt         0000
__Hspace_0               (abs)        0800
__Hspace_1               (abs)        007E
__Hspace_2               (abs)        0000
__Hspace_3               (abs)        0000
__Hspace_4               (abs)        400F
__Hstack                 stack        0000
__Hstrings               strings      0000
__Htext                  text         0000
__L__absolute__          __absolute__ 0000
__Labs1                  abs1         0000
__Lbank0                 bank0        0000
__Lbank1                 bank1        0000
__Lbank2                 bank2        0000
__Lbank3                 bank3        0000
__Lcinit                 cinit        07FC
__Lclrtext               clrtext      0000
__Lcode                  code         0000
__Lcommon                common       0000
__Lconfig                config       0000
__LcstackBANK0           cstackBANK0  0000
__LcstackCOMMON          cstackCOMMON 0000
__Leeprom_data           eeprom_data  0000
__Lend_init              end_init     0000
__Lfunctab               functab      0000
__Lheap                  heap         0000
__Linit                  init         0000
__Lintentry              intentry     0000
__Lmaintext              maintext     0000
__Lpowerup               powerup      0000
__Lram                   ram          0000
__Lreset_vec             reset_vec    0000
__Lsfr0                  sfr0         0000
__Lsfr1                  sfr1         0000
__Lsfr2                  sfr2         0000
__Lsfr3                  sfr3         0000
__Lsivt                  sivt         0000
__Lspace_0               (abs)        0000
__Lspace_1               (abs)        0000
__Lspace_2               (abs)        0000
__Lspace_3               (abs)        0000
__Lspace_4               (abs)        0000
__Lstack                 stack        0000
__Lstrings               strings      0000
__Ltext                  text         0000
__S0                     (abs)        0800
__S1                     (abs)        007E
__S3                     (abs)        0000
___heap_hi               (abs)        0000
___heap_lo               (abs)        0000
___int_sp                stack        0000
___int_stack_hi          stack        0000
___int_stack_lo          stack        0000
___latbits               (abs)        0002
___sp                    stack        0000
___stack_hi              stack        0000
___stack_lo              stack        0000
___stackhi               (abs)        0000
___stacklo               (abs)        0000
__end_of_RFID_CheckCard  text2        0569
__end_of_RFID_Init       text1        06A2
__end_of_RFID_Read       text5        05A0
__end_of_RFID_ToCard     text3        07FC
__end_of_RFID_Write      text4        05DA
__end_of__initialization cinit        07FC
__end_of_main            maintext     0617
__initialization         cinit        07FC
__pcstackBANK0           cstackBANK0  0020
__pcstackCOMMON          cstackCOMMON 0070
__pmaintext              maintext     05DA
__ptext1                 text1        0617
__ptext2                 text2        053B
__ptext3                 text3        06A2
__ptext4                 text4        05A0
__ptext5                 text5        0569
_main                    maintext     05DA
btemp                    (abs)        007E
btemp0                   (abs)        007E
btemp1                   (abs)        007F
end_of_initialization    cinit        07FC
intlevel0                functab      0000
intlevel1                functab      0000
intlevel2                functab      0000
intlevel3                functab      0000
intlevel4                functab      0000
intlevel5                functab      0000
ltemp0a                  (abs)        0080
main@cardFound           cstackBANK0  003B
reset_vec                reset_vec    0000
start                    init         0000
start_initialization     cinit        07FC
ttemp0a                  (abs)        007F
wtemp0                   (abs)        007E
wtemp0a                  (abs)        007F


MODULE INFORMATION

Module		Function		Class		Link	Load	Size
ex_deploy.c
		_main          		CODE           	05DA	0000	61

ex_deploy.c estimated size: 61

rfid.c
		_RFID_ToCard   		CODE           	06A2	0000	346
		_RFID_Write    		CODE           	05A0	0000	58
		_RFID_Read     		CODE           	0569	0000	55
		_RFID_Init     		CODE           	0617	0000	139
		_RFID_CheckCard		CODE           	053B	0000	46

rfid.c estimated size: 644

shared
		__initialization		CODE           	07FC	0000	1

shared estimated size: 1

